ARM Linker, 5.03 [Build 76] [MDK-ARM Lite]

==============================================================================

Section Cross References

    startup_tm4c123.o(STACK) refers (Special) to heapauxi.o(.text) for __use_two_region_memory
    startup_tm4c123.o(HEAP) refers (Special) to heapauxi.o(.text) for __use_two_region_memory
    startup_tm4c123.o(RESET) refers (Special) to heapauxi.o(.text) for __use_two_region_memory
    startup_tm4c123.o(RESET) refers to startup_tm4c123.o(STACK) for __initial_sp
    startup_tm4c123.o(RESET) refers to startup_tm4c123.o(.text) for Reset_Handler
    startup_tm4c123.o(.text) refers (Special) to heapauxi.o(.text) for __use_two_region_memory
    startup_tm4c123.o(.text) refers to main.o(.text) for SystemInit
    startup_tm4c123.o(.text) refers to __main.o(!!!main) for __main
    startup_tm4c123.o(.text) refers to startup_tm4c123.o(HEAP) for Heap_Mem
    startup_tm4c123.o(.text) refers to startup_tm4c123.o(STACK) for Stack_Mem
    gpio.o(.text) refers to assert.o(.text) for __aeabi_assert
    main.o(.text) refers to lcd.o(.text) for Data_Port_Init
    main.o(.text) refers to uart.o(.text) for UART_INIT
    main.o(.text) refers to keypad.o(.text) for keypad_init
    main.o(.text) refers to atoi.o(.text) for atoi
    main.o(.text) refers to gpio.o(.text) for pinMode
    main.o(.text) refers to main.o(.data) for pin_checker
    main.o(.text) refers to main.o(.bss) for str
    main.o(.text) refers to main.o(.constdata) for .constdata
    keypad.o(.text) refers to gpio.o(.text) for pinMode
    uart.o(.text) refers to fflt_clz.o(x$fpl$ffltu) for __aeabi_ui2f
    uart.o(.text) refers to fflt_clz.o(x$fpl$fflt) for __aeabi_i2f
    uart.o(.text) refers to faddsub_clz.o(x$fpl$fsub) for __aeabi_fsub
    uart.o(.text) refers to fmul.o(x$fpl$fmul) for __aeabi_fmul
    uart.o(.text) refers to f2d.o(x$fpl$f2d) for __aeabi_f2d
    uart.o(.text) refers to daddsub_clz.o(x$fpl$dadd) for __aeabi_dadd
    uart.o(.text) refers to dfix.o(x$fpl$dfix) for __aeabi_d2iz
    atoi.o(.text) refers to rt_errno_addr_intlibspace.o(.text) for __aeabi_errno_addr
    atoi.o(.text) refers to strtol.o(.text) for strtol
    assert.o(.text) refers to assert_puts.o(.text) for __assert_puts
    assert.o(.text) refers to abort.o(.text) for abort
    __main.o(!!!main) refers to rtentry.o(.ARM.Collect$$rtentry$$00000000) for __rt_entry
    daddsub_clz.o(x$fpl$dadd) refers (Special) to usenofp.o(x$fpl$usenofp) for __I$use$fp
    daddsub_clz.o(x$fpl$dadd) refers to daddsub_clz.o(x$fpl$dsub) for _dsub1
    daddsub_clz.o(x$fpl$dadd) refers to dretinf.o(x$fpl$dretinf) for __fpl_dretinf
    daddsub_clz.o(x$fpl$dadd) refers to dnaninf.o(x$fpl$dnaninf) for __fpl_dnaninf
    daddsub_clz.o(x$fpl$drsb) refers (Special) to usenofp.o(x$fpl$usenofp) for __I$use$fp
    daddsub_clz.o(x$fpl$drsb) refers to daddsub_clz.o(x$fpl$dadd) for _dadd1
    daddsub_clz.o(x$fpl$drsb) refers to daddsub_clz.o(x$fpl$dsub) for _dsub1
    daddsub_clz.o(x$fpl$dsub) refers (Special) to usenofp.o(x$fpl$usenofp) for __I$use$fp
    daddsub_clz.o(x$fpl$dsub) refers to daddsub_clz.o(x$fpl$dadd) for _dadd1
    daddsub_clz.o(x$fpl$dsub) refers to dnaninf.o(x$fpl$dnaninf) for __fpl_dnaninf
    dfix.o(x$fpl$dfix) refers (Special) to usenofp.o(x$fpl$usenofp) for __I$use$fp
    dfix.o(x$fpl$dfix) refers to dnaninf.o(x$fpl$dnaninf) for __fpl_dnaninf
    dfix.o(x$fpl$dfixr) refers (Special) to usenofp.o(x$fpl$usenofp) for __I$use$fp
    dfix.o(x$fpl$dfixr) refers to dnaninf.o(x$fpl$dnaninf) for __fpl_dnaninf
    f2d.o(x$fpl$f2d) refers (Special) to usenofp.o(x$fpl$usenofp) for __I$use$fp
    f2d.o(x$fpl$f2d) refers to fnaninf.o(x$fpl$fnaninf) for __fpl_fnaninf
    f2d.o(x$fpl$f2d) refers to dretinf.o(x$fpl$dretinf) for __fpl_dretinf
    faddsub_clz.o(x$fpl$fadd) refers (Special) to usenofp.o(x$fpl$usenofp) for __I$use$fp
    faddsub_clz.o(x$fpl$fadd) refers to faddsub_clz.o(x$fpl$fsub) for _fsub1
    faddsub_clz.o(x$fpl$fadd) refers to fretinf.o(x$fpl$fretinf) for __fpl_fretinf
    faddsub_clz.o(x$fpl$fadd) refers to fnaninf.o(x$fpl$fnaninf) for __fpl_fnaninf
    faddsub_clz.o(x$fpl$frsb) refers (Special) to usenofp.o(x$fpl$usenofp) for __I$use$fp
    faddsub_clz.o(x$fpl$frsb) refers to faddsub_clz.o(x$fpl$fadd) for _fadd1
    faddsub_clz.o(x$fpl$frsb) refers to faddsub_clz.o(x$fpl$fsub) for _fsub1
    faddsub_clz.o(x$fpl$fsub) refers (Special) to usenofp.o(x$fpl$usenofp) for __I$use$fp
    faddsub_clz.o(x$fpl$fsub) refers to faddsub_clz.o(x$fpl$fadd) for _fadd1
    faddsub_clz.o(x$fpl$fsub) refers to fnaninf.o(x$fpl$fnaninf) for __fpl_fnaninf
    fflt_clz.o(x$fpl$ffltu) refers (Special) to usenofp.o(x$fpl$usenofp) for __I$use$fp
    fflt_clz.o(x$fpl$fflt) refers (Special) to usenofp.o(x$fpl$usenofp) for __I$use$fp
    fflt_clz.o(x$fpl$ffltn) refers (Special) to usenofp.o(x$fpl$usenofp) for __I$use$fp
    fmul.o(x$fpl$fmul) refers (Special) to usenofp.o(x$fpl$usenofp) for __I$use$fp
    fmul.o(x$fpl$fmul) refers to fretinf.o(x$fpl$fretinf) for __fpl_fretinf
    fmul.o(x$fpl$fmul) refers to fnaninf.o(x$fpl$fnaninf) for __fpl_fnaninf
    rtentry.o(.ARM.Collect$$rtentry$$00000000) refers (Special) to rtentry2.o(.ARM.Collect$$rtentry$$0000000A) for __rt_entry_li
    rtentry.o(.ARM.Collect$$rtentry$$00000000) refers (Special) to rtentry2.o(.ARM.Collect$$rtentry$$0000000D) for __rt_entry_main
    rtentry.o(.ARM.Collect$$rtentry$$00000000) refers (Special) to rtentry2.o(.ARM.Collect$$rtentry$$0000000C) for __rt_entry_postli_1
    rtentry.o(.ARM.Collect$$rtentry$$00000000) refers (Special) to rtentry2.o(.ARM.Collect$$rtentry$$00000009) for __rt_entry_postsh_1
    rtentry.o(.ARM.Collect$$rtentry$$00000000) refers (Special) to rtentry2.o(.ARM.Collect$$rtentry$$00000002) for __rt_entry_presh_1
    rtentry.o(.ARM.Collect$$rtentry$$00000000) refers (Special) to rtentry4.o(.ARM.Collect$$rtentry$$00000004) for __rt_entry_sh
    rt_errno_addr.o(.text) refers to rt_errno_addr.o(.bss) for __aeabi_errno_addr_data
    rt_errno_addr_intlibspace.o(.text) refers to libspace.o(.bss) for __libspace_start
    strtol.o(.text) refers to rt_ctype_table.o(.text) for __rt_ctype_table
    strtol.o(.text) refers to _strtoul.o(.text) for _strtoul
    strtol.o(.text) refers to rt_errno_addr_intlibspace.o(.text) for __aeabi_errno_addr
    abort.o(.text) refers to defsig_abrt_outer.o(.text) for __rt_SIGABRT
    abort.o(.text) refers (Weak) to libshutdown.o(.ARM.Collect$$libshutdown$$00000000) for __rt_lib_shutdown
    abort.o(.text) refers to sys_exit.o(.text) for _sys_exit
    assert_puts.o(.text) refers to sys_wrch.o(.text) for _ttywrch
    dnaninf.o(x$fpl$dnaninf) refers (Special) to usenofp.o(x$fpl$usenofp) for __I$use$fp
    dretinf.o(x$fpl$dretinf) refers (Special) to usenofp.o(x$fpl$usenofp) for __I$use$fp
    fnaninf.o(x$fpl$fnaninf) refers (Special) to usenofp.o(x$fpl$usenofp) for __I$use$fp
    fretinf.o(x$fpl$fretinf) refers (Special) to usenofp.o(x$fpl$usenofp) for __I$use$fp
    sys_wrch.o(.text) refers (Special) to use_no_semi.o(.text) for __I$use$semihosting
    sys_wrch.o(.text) refers (Special) to indicate_semi.o(.text) for __semihosting_library_function
    sys_exit.o(.text) refers (Special) to use_no_semi.o(.text) for __I$use$semihosting
    sys_exit.o(.text) refers (Special) to indicate_semi.o(.text) for __semihosting_library_function
    libspace.o(.text) refers to libspace.o(.bss) for __libspace_start
    rtentry2.o(.ARM.Collect$$rtentry$$00000008) refers to boardinit2.o(.text) for _platform_post_stackheap_init
    rtentry2.o(.ARM.Collect$$rtentry$$0000000A) refers to libinit.o(.ARM.Collect$$libinit$$00000000) for __rt_lib_init
    rtentry2.o(.ARM.Collect$$rtentry$$0000000B) refers to boardinit3.o(.text) for _platform_post_lib_init
    rtentry2.o(.ARM.Collect$$rtentry$$0000000D) refers to main.o(.text) for main
    rtentry2.o(.ARM.Collect$$rtentry$$0000000D) refers to exit.o(.text) for exit
    rtentry2.o(.ARM.exidx) refers to rtentry2.o(.ARM.Collect$$rtentry$$00000001) for .ARM.Collect$$rtentry$$00000001
    rtentry2.o(.ARM.exidx) refers to rtentry2.o(.ARM.Collect$$rtentry$$00000008) for .ARM.Collect$$rtentry$$00000008
    rtentry2.o(.ARM.exidx) refers to rtentry2.o(.ARM.Collect$$rtentry$$0000000A) for .ARM.Collect$$rtentry$$0000000A
    rtentry2.o(.ARM.exidx) refers to rtentry2.o(.ARM.Collect$$rtentry$$0000000B) for .ARM.Collect$$rtentry$$0000000B
    rtentry2.o(.ARM.exidx) refers to rtentry2.o(.ARM.Collect$$rtentry$$0000000D) for .ARM.Collect$$rtentry$$0000000D
    rtentry4.o(.ARM.Collect$$rtentry$$00000004) refers to sys_stackheap_outer.o(.text) for __user_setup_stackheap
    rtentry4.o(.ARM.exidx) refers to rtentry4.o(.ARM.Collect$$rtentry$$00000004) for .ARM.Collect$$rtentry$$00000004
    rt_ctype_table.o(.text) refers to rt_locale_intlibspace.o(.text) for __rt_locale
    rt_ctype_table.o(.text) refers to lc_ctype_c.o(locale$$code) for _get_lc_ctype
    _strtoul.o(.text) refers to _chval.o(.text) for _chval
    _strtoul.o(.text) refers to rt_errno_addr_intlibspace.o(.text) for __aeabi_errno_addr
    defsig_abrt_outer.o(.text) refers to defsig_abrt_inner.o(.text) for __rt_SIGABRT_inner
    defsig_abrt_outer.o(.text) refers to defsig_exit.o(.text) for __sig_exit
    defsig_abrt_formal.o(.text) refers to rt_raise.o(.text) for __rt_raise
    sys_stackheap_outer.o(.text) refers to libspace.o(.text) for __user_perproc_libspace
    sys_stackheap_outer.o(.text) refers to startup_tm4c123.o(.text) for __user_initial_stackheap
    rt_raise.o(.text) refers to __raise.o(.text) for __raise
    rt_raise.o(.text) refers to sys_exit.o(.text) for _sys_exit
    rt_locale.o(.text) refers to rt_locale.o(.bss) for __rt_locale_data
    rt_locale_intlibspace.o(.text) refers to libspace.o(.bss) for __libspace_start
    lc_ctype_c.o(locale$$data) refers (Special) to libinit2.o(.ARM.Collect$$libinit$$00000010) for __rt_lib_init_lc_ctype_2
    lc_ctype_c.o(locale$$code) refers (Special) to libinit2.o(.ARM.Collect$$libinit$$00000010) for __rt_lib_init_lc_ctype_2
    lc_ctype_c.o(locale$$code) refers to strcmpv7m.o(.text) for strcmp
    lc_ctype_c.o(locale$$code) refers to lc_ctype_c.o(locale$$data) for __lcctype_c_name
    exit.o(.text) refers to rtexit.o(.ARM.Collect$$rtexit$$00000000) for __rt_exit
    defsig_exit.o(.text) refers to sys_exit.o(.text) for _sys_exit
    defsig_abrt_inner.o(.text) refers to defsig_general.o(.text) for __default_signal_display
    libinit.o(.ARM.Collect$$libinit$$00000000) refers (Special) to libinit2.o(.ARM.Collect$$libinit$$0000002C) for __rt_lib_init_alloca_1
    libinit.o(.ARM.Collect$$libinit$$00000000) refers (Special) to libinit2.o(.ARM.Collect$$libinit$$0000002A) for __rt_lib_init_argv_1
    libinit.o(.ARM.Collect$$libinit$$00000000) refers (Special) to libinit2.o(.ARM.Collect$$libinit$$00000019) for __rt_lib_init_atexit_1
    libinit.o(.ARM.Collect$$libinit$$00000000) refers (Special) to libinit2.o(.ARM.Collect$$libinit$$0000001F) for __rt_lib_init_clock_1
    libinit.o(.ARM.Collect$$libinit$$00000000) refers (Special) to libinit2.o(.ARM.Collect$$libinit$$00000030) for __rt_lib_init_cpp_1
    libinit.o(.ARM.Collect$$libinit$$00000000) refers (Special) to libinit2.o(.ARM.Collect$$libinit$$0000002E) for __rt_lib_init_exceptions_1
    libinit.o(.ARM.Collect$$libinit$$00000000) refers (Special) to libinit2.o(.ARM.Collect$$libinit$$00000002) for __rt_lib_init_fp_1
    libinit.o(.ARM.Collect$$libinit$$00000000) refers (Special) to libinit2.o(.ARM.Collect$$libinit$$0000001D) for __rt_lib_init_fp_trap_1
    libinit.o(.ARM.Collect$$libinit$$00000000) refers (Special) to libinit2.o(.ARM.Collect$$libinit$$00000021) for __rt_lib_init_getenv_1
    libinit.o(.ARM.Collect$$libinit$$00000000) refers (Special) to libinit2.o(.ARM.Collect$$libinit$$00000008) for __rt_lib_init_heap_1
    libinit.o(.ARM.Collect$$libinit$$00000000) refers (Special) to libinit2.o(.ARM.Collect$$libinit$$0000000F) for __rt_lib_init_lc_collate_1
    libinit.o(.ARM.Collect$$libinit$$00000000) refers (Special) to libinit2.o(.ARM.Collect$$libinit$$00000011) for __rt_lib_init_lc_ctype_1
    libinit.o(.ARM.Collect$$libinit$$00000000) refers (Special) to libinit2.o(.ARM.Collect$$libinit$$00000013) for __rt_lib_init_lc_monetary_1
    libinit.o(.ARM.Collect$$libinit$$00000000) refers (Special) to libinit2.o(.ARM.Collect$$libinit$$00000015) for __rt_lib_init_lc_numeric_1
    libinit.o(.ARM.Collect$$libinit$$00000000) refers (Special) to libinit2.o(.ARM.Collect$$libinit$$00000017) for __rt_lib_init_lc_time_1
    libinit.o(.ARM.Collect$$libinit$$00000000) refers (Special) to libinit2.o(.ARM.Collect$$libinit$$0000000C) for __rt_lib_init_rand_1
    libinit.o(.ARM.Collect$$libinit$$00000000) refers (Special) to libinit2.o(.ARM.Collect$$libinit$$00000031) for __rt_lib_init_return
    libinit.o(.ARM.Collect$$libinit$$00000000) refers (Special) to libinit2.o(.ARM.Collect$$libinit$$0000001B) for __rt_lib_init_signal_1
    libinit.o(.ARM.Collect$$libinit$$00000000) refers (Special) to libinit2.o(.ARM.Collect$$libinit$$00000023) for __rt_lib_init_stdio_1
    libinit.o(.ARM.Collect$$libinit$$00000000) refers (Special) to libinit2.o(.ARM.Collect$$libinit$$0000000A) for __rt_lib_init_user_alloc_1
    rtexit.o(.ARM.Collect$$rtexit$$00000000) refers (Special) to rtexit2.o(.ARM.Collect$$rtexit$$00000004) for __rt_exit_exit
    rtexit.o(.ARM.Collect$$rtexit$$00000000) refers (Special) to rtexit2.o(.ARM.Collect$$rtexit$$00000003) for __rt_exit_ls
    rtexit.o(.ARM.Collect$$rtexit$$00000000) refers (Special) to rtexit2.o(.ARM.Collect$$rtexit$$00000002) for __rt_exit_prels_1
    rtexit.o(.ARM.exidx) refers (Special) to rtexit2.o(.ARM.Collect$$rtexit$$00000004) for __rt_exit_exit
    rtexit.o(.ARM.exidx) refers (Special) to rtexit2.o(.ARM.Collect$$rtexit$$00000003) for __rt_exit_ls
    rtexit.o(.ARM.exidx) refers (Special) to rtexit2.o(.ARM.Collect$$rtexit$$00000002) for __rt_exit_prels_1
    rtexit.o(.ARM.exidx) refers to rtexit.o(.ARM.Collect$$rtexit$$00000000) for .ARM.Collect$$rtexit$$00000000
    __raise.o(.text) refers to defsig.o(CL$$defsig) for __default_signal_handler
    defsig_general.o(.text) refers to sys_wrch.o(.text) for _ttywrch
    libinit2.o(.ARM.Collect$$libinit$$0000000D) refers (Weak) to rt_locale_intlibspace.o(.text) for __rt_locale
    libinit2.o(.ARM.Collect$$libinit$$0000000E) refers to libinit2.o(.ARM.Collect$$libinit$$0000000D) for .ARM.Collect$$libinit$$0000000D
    libinit2.o(.ARM.Collect$$libinit$$00000010) refers to libinit2.o(.ARM.Collect$$libinit$$0000000D) for .ARM.Collect$$libinit$$0000000D
    libinit2.o(.ARM.Collect$$libinit$$00000010) refers (Weak) to lc_ctype_c.o(locale$$code) for _get_lc_ctype
    libinit2.o(.ARM.Collect$$libinit$$00000012) refers to libinit2.o(.ARM.Collect$$libinit$$0000000D) for .ARM.Collect$$libinit$$0000000D
    libinit2.o(.ARM.Collect$$libinit$$00000014) refers to libinit2.o(.ARM.Collect$$libinit$$0000000D) for .ARM.Collect$$libinit$$0000000D
    libinit2.o(.ARM.Collect$$libinit$$00000016) refers to libinit2.o(.ARM.Collect$$libinit$$0000000D) for .ARM.Collect$$libinit$$0000000D
    libinit2.o(.ARM.Collect$$libinit$$00000024) refers to argv_veneer.o(.emb_text) for __ARM_argv_veneer
    libinit2.o(.ARM.Collect$$libinit$$00000025) refers to argv_veneer.o(.emb_text) for __ARM_argv_veneer
    rtexit2.o(.ARM.Collect$$rtexit$$00000003) refers to libshutdown.o(.ARM.Collect$$libshutdown$$00000000) for __rt_lib_shutdown
    rtexit2.o(.ARM.Collect$$rtexit$$00000004) refers to sys_exit.o(.text) for _sys_exit
    rtexit2.o(.ARM.exidx) refers to rtexit2.o(.ARM.Collect$$rtexit$$00000001) for .ARM.Collect$$rtexit$$00000001
    rtexit2.o(.ARM.exidx) refers to rtexit2.o(.ARM.Collect$$rtexit$$00000003) for .ARM.Collect$$rtexit$$00000003
    rtexit2.o(.ARM.exidx) refers to rtexit2.o(.ARM.Collect$$rtexit$$00000004) for .ARM.Collect$$rtexit$$00000004
    defsig.o(CL$$defsig) refers to defsig_abrt_inner.o(.text) for __rt_SIGABRT_inner
    defsig.o(CL$$defsig) refers to defsig_rtmem_inner.o(.text) for __rt_SIGRTMEM_inner
    argv_veneer.o(.emb_text) refers to no_argv.o(.text) for __ARM_get_argv
    defsig_fpe_inner.o(.text) refers to defsig_general.o(.text) for __default_signal_display
    defsig_rtred_inner.o(.text) refers to defsig_general.o(.text) for __default_signal_display
    defsig_rtmem_inner.o(.text) refers to defsig_general.o(.text) for __default_signal_display
    defsig_stak_inner.o(.text) refers to defsig_general.o(.text) for __default_signal_display
    defsig_pvfn_inner.o(.text) refers to defsig_general.o(.text) for __default_signal_display
    defsig_cppl_inner.o(.text) refers to defsig_general.o(.text) for __default_signal_display
    defsig_segv_inner.o(.text) refers to defsig_general.o(.text) for __default_signal_display
    defsig_other.o(.text) refers to defsig_general.o(.text) for __default_signal_display
    _get_argv_nomalloc.o(.text) refers (Special) to hrguard.o(.text) for __heap_region$guard
    _get_argv_nomalloc.o(.text) refers to defsig_rtmem_outer.o(.text) for __rt_SIGRTMEM
    _get_argv_nomalloc.o(.text) refers to sys_command.o(.text) for _sys_command_string
    libshutdown.o(.ARM.Collect$$libshutdown$$00000000) refers (Special) to libshutdown2.o(.ARM.Collect$$libshutdown$$00000006) for __rt_lib_shutdown_fp_trap_1
    libshutdown.o(.ARM.Collect$$libshutdown$$00000000) refers (Special) to libshutdown2.o(.ARM.Collect$$libshutdown$$0000000E) for __rt_lib_shutdown_heap_1
    libshutdown.o(.ARM.Collect$$libshutdown$$00000000) refers (Special) to libshutdown2.o(.ARM.Collect$$libshutdown$$0000000F) for __rt_lib_shutdown_return
    libshutdown.o(.ARM.Collect$$libshutdown$$00000000) refers (Special) to libshutdown2.o(.ARM.Collect$$libshutdown$$00000009) for __rt_lib_shutdown_signal_1
    libshutdown.o(.ARM.Collect$$libshutdown$$00000000) refers (Special) to libshutdown2.o(.ARM.Collect$$libshutdown$$00000003) for __rt_lib_shutdown_stdio_1
    libshutdown.o(.ARM.Collect$$libshutdown$$00000000) refers (Special) to libshutdown2.o(.ARM.Collect$$libshutdown$$0000000B) for __rt_lib_shutdown_user_alloc_1
    sys_command.o(.text) refers (Special) to use_no_semi.o(.text) for __I$use$semihosting
    sys_command.o(.text) refers (Special) to indicate_semi.o(.text) for __semihosting_library_function
    defsig_rtmem_outer.o(.text) refers to defsig_rtmem_inner.o(.text) for __rt_SIGRTMEM_inner
    defsig_rtmem_outer.o(.text) refers to defsig_exit.o(.text) for __sig_exit
    defsig_rtmem_formal.o(.text) refers to rt_raise.o(.text) for __rt_raise


==============================================================================

Image Symbol Table

    Local Symbols

    Symbol Name                              Value     Ov Type        Size  Object(Section)

    RESET                                    0x00000000   Section      620  startup_tm4c123.o(RESET)
    ../clib/angel/boardlib.s                 0x00000000   Number         0  boardinit1.o ABSOLUTE
    ../clib/angel/boardlib.s                 0x00000000   Number         0  boardinit3.o ABSOLUTE
    ../clib/angel/boardlib.s                 0x00000000   Number         0  boardinit2.o ABSOLUTE
    ../clib/angel/boardlib.s                 0x00000000   Number         0  boardshut.o ABSOLUTE
    ../clib/angel/handlers.s                 0x00000000   Number         0  __scatter_zi.o ABSOLUTE
    ../clib/angel/handlers.s                 0x00000000   Number         0  __scatter_copy.o ABSOLUTE
    ../clib/angel/kernel.s                   0x00000000   Number         0  rtentry2.o ABSOLUTE
    ../clib/angel/kernel.s                   0x00000000   Number         0  rtentry4.o ABSOLUTE
    ../clib/angel/kernel.s                   0x00000000   Number         0  rtexit.o ABSOLUTE
    ../clib/angel/kernel.s                   0x00000000   Number         0  rtentry.o ABSOLUTE
    ../clib/angel/kernel.s                   0x00000000   Number         0  rtexit2.o ABSOLUTE
    ../clib/angel/rt.s                       0x00000000   Number         0  rt_errno_addr.o ABSOLUTE
    ../clib/angel/rt.s                       0x00000000   Number         0  rt_ctype_table.o ABSOLUTE
    ../clib/angel/rt.s                       0x00000000   Number         0  rt_locale_intlibspace.o ABSOLUTE
    ../clib/angel/rt.s                       0x00000000   Number         0  rt_locale.o ABSOLUTE
    ../clib/angel/rt.s                       0x00000000   Number         0  rt_raise.o ABSOLUTE
    ../clib/angel/rt.s                       0x00000000   Number         0  rt_errno_addr_intlibspace.o ABSOLUTE
    ../clib/angel/scatter.s                  0x00000000   Number         0  __scatter.o ABSOLUTE
    ../clib/angel/startup.s                  0x00000000   Number         0  __main.o ABSOLUTE
    ../clib/angel/sys.s                      0x00000000   Number         0  use_no_semi.o ABSOLUTE
    ../clib/angel/sys.s                      0x00000000   Number         0  libspace.o ABSOLUTE
    ../clib/angel/sys.s                      0x00000000   Number         0  sys_stackheap_outer.o ABSOLUTE
    ../clib/angel/sys.s                      0x00000000   Number         0  indicate_semi.o ABSOLUTE
    ../clib/angel/sysapp.c                   0x00000000   Number         0  sys_exit.o ABSOLUTE
    ../clib/angel/sysapp.c                   0x00000000   Number         0  sys_wrch.o ABSOLUTE
    ../clib/angel/sysapp.c                   0x00000000   Number         0  sys_command.o ABSOLUTE
    ../clib/armsys.c                         0x00000000   Number         0  argv_veneer.o ABSOLUTE
    ../clib/armsys.c                         0x00000000   Number         0  argv_veneer.o ABSOLUTE
    ../clib/armsys.c                         0x00000000   Number         0  _get_argv_nomalloc.o ABSOLUTE
    ../clib/armsys.c                         0x00000000   Number         0  no_argv.o ABSOLUTE
    ../clib/assert.c                         0x00000000   Number         0  assert.o ABSOLUTE
    ../clib/assert.c                         0x00000000   Number         0  assert_puts.o ABSOLUTE
    ../clib/heapalloc.c                      0x00000000   Number         0  hrguard.o ABSOLUTE
    ../clib/heapaux.c                        0x00000000   Number         0  heapauxi.o ABSOLUTE
    ../clib/libinit.s                        0x00000000   Number         0  libshutdown.o ABSOLUTE
    ../clib/libinit.s                        0x00000000   Number         0  libshutdown2.o ABSOLUTE
    ../clib/libinit.s                        0x00000000   Number         0  libinit2.o ABSOLUTE
    ../clib/libinit.s                        0x00000000   Number         0  libinit.o ABSOLUTE
    ../clib/locale.s                         0x00000000   Number         0  lc_ctype_c.o ABSOLUTE
    ../clib/memcpset.s                       0x00000000   Number         0  strcmpv7m.o ABSOLUTE
    ../clib/scanf.c                          0x00000000   Number         0  strtol.o ABSOLUTE
    ../clib/scanf.c                          0x00000000   Number         0  atoi.o ABSOLUTE
    ../clib/scanf.c                          0x00000000   Number         0  _strtoul.o ABSOLUTE
    ../clib/scanf.c                          0x00000000   Number         0  _chval.o ABSOLUTE
    ../clib/signal.c                         0x00000000   Number         0  defsig_other.o ABSOLUTE
    ../clib/signal.c                         0x00000000   Number         0  defsig_rtmem_outer.o ABSOLUTE
    ../clib/signal.c                         0x00000000   Number         0  defsig_stak_inner.o ABSOLUTE
    ../clib/signal.c                         0x00000000   Number         0  defsig_rtmem_formal.o ABSOLUTE
    ../clib/signal.c                         0x00000000   Number         0  defsig_pvfn_inner.o ABSOLUTE
    ../clib/signal.c                         0x00000000   Number         0  defsig_cppl_inner.o ABSOLUTE
    ../clib/signal.c                         0x00000000   Number         0  defsig_rtmem_inner.o ABSOLUTE
    ../clib/signal.c                         0x00000000   Number         0  defsig_rtred_inner.o ABSOLUTE
    ../clib/signal.c                         0x00000000   Number         0  defsig_fpe_inner.o ABSOLUTE
    ../clib/signal.c                         0x00000000   Number         0  defsig_abrt_formal.o ABSOLUTE
    ../clib/signal.c                         0x00000000   Number         0  defsig_segv_inner.o ABSOLUTE
    ../clib/signal.c                         0x00000000   Number         0  defsig_general.o ABSOLUTE
    ../clib/signal.c                         0x00000000   Number         0  __raise.o ABSOLUTE
    ../clib/signal.c                         0x00000000   Number         0  defsig_abrt_outer.o ABSOLUTE
    ../clib/signal.c                         0x00000000   Number         0  defsig_exit.o ABSOLUTE
    ../clib/signal.c                         0x00000000   Number         0  defsig_abrt_inner.o ABSOLUTE
    ../clib/signal.s                         0x00000000   Number         0  defsig.o ABSOLUTE
    ../clib/stdlib.c                         0x00000000   Number         0  abort.o ABSOLUTE
    ../clib/stdlib.c                         0x00000000   Number         0  exit.o ABSOLUTE
    ../fplib/daddsub.s                       0x00000000   Number         0  daddsub_clz.o ABSOLUTE
    ../fplib/dfix.s                          0x00000000   Number         0  dfix.o ABSOLUTE
    ../fplib/dnaninf.s                       0x00000000   Number         0  dnaninf.o ABSOLUTE
    ../fplib/dretinf.s                       0x00000000   Number         0  dretinf.o ABSOLUTE
    ../fplib/f2d.s                           0x00000000   Number         0  f2d.o ABSOLUTE
    ../fplib/faddsub.s                       0x00000000   Number         0  faddsub_clz.o ABSOLUTE
    ../fplib/fflt.s                          0x00000000   Number         0  fflt_clz.o ABSOLUTE
    ../fplib/fmul.s                          0x00000000   Number         0  fmul.o ABSOLUTE
    ../fplib/fnaninf.s                       0x00000000   Number         0  fnaninf.o ABSOLUTE
    ../fplib/fpinit.s                        0x00000000   Number         0  fpinit.o ABSOLUTE
    ../fplib/fretinf.s                       0x00000000   Number         0  fretinf.o ABSOLUTE
    ../fplib/usenofp.s                       0x00000000   Number         0  usenofp.o ABSOLUTE
    GPIO.c                                   0x00000000   Number         0  gpio.o ABSOLUTE
    KeyPad.c                                 0x00000000   Number         0  keypad.o ABSOLUTE
    LCD.c                                    0x00000000   Number         0  lcd.o ABSOLUTE
    Main.c                                   0x00000000   Number         0  main.o ABSOLUTE
    UART.c                                   0x00000000   Number         0  uart.o ABSOLUTE
    dc.s                                     0x00000000   Number         0  dc.o ABSOLUTE
    startup_TM4C123.s                        0x00000000   Number         0  startup_tm4c123.o ABSOLUTE
    !!!main                                  0x0000026c   Section        8  __main.o(!!!main)
    !!!scatter                               0x00000274   Section       52  __scatter.o(!!!scatter)
    !!handler_copy                           0x000002a8   Section       26  __scatter_copy.o(!!handler_copy)
    !!handler_zi                             0x000002c4   Section       28  __scatter_zi.o(!!handler_zi)
    .ARM.Collect$$libinit$$00000000          0x000002e0   Section        2  libinit.o(.ARM.Collect$$libinit$$00000000)
    .ARM.Collect$$libinit$$00000002          0x000002e2   Section        0  libinit2.o(.ARM.Collect$$libinit$$00000002)
    .ARM.Collect$$libinit$$00000008          0x000002e2   Section        0  libinit2.o(.ARM.Collect$$libinit$$00000008)
    .ARM.Collect$$libinit$$0000000A          0x000002e2   Section        0  libinit2.o(.ARM.Collect$$libinit$$0000000A)
    .ARM.Collect$$libinit$$0000000C          0x000002e2   Section        0  libinit2.o(.ARM.Collect$$libinit$$0000000C)
    .ARM.Collect$$libinit$$0000000D          0x000002e2   Section        6  libinit2.o(.ARM.Collect$$libinit$$0000000D)
    .ARM.Collect$$libinit$$0000000F          0x000002e8   Section        0  libinit2.o(.ARM.Collect$$libinit$$0000000F)
    .ARM.Collect$$libinit$$00000010          0x000002e8   Section       12  libinit2.o(.ARM.Collect$$libinit$$00000010)
    .ARM.Collect$$libinit$$00000011          0x000002f4   Section        0  libinit2.o(.ARM.Collect$$libinit$$00000011)
    .ARM.Collect$$libinit$$00000013          0x000002f4   Section        0  libinit2.o(.ARM.Collect$$libinit$$00000013)
    .ARM.Collect$$libinit$$00000015          0x000002f4   Section        0  libinit2.o(.ARM.Collect$$libinit$$00000015)
    .ARM.Collect$$libinit$$00000017          0x000002f4   Section        0  libinit2.o(.ARM.Collect$$libinit$$00000017)
    .ARM.Collect$$libinit$$00000019          0x000002f4   Section        0  libinit2.o(.ARM.Collect$$libinit$$00000019)
    .ARM.Collect$$libinit$$0000001B          0x000002f4   Section        0  libinit2.o(.ARM.Collect$$libinit$$0000001B)
    .ARM.Collect$$libinit$$0000001D          0x000002f4   Section        0  libinit2.o(.ARM.Collect$$libinit$$0000001D)
    .ARM.Collect$$libinit$$0000001F          0x000002f4   Section        0  libinit2.o(.ARM.Collect$$libinit$$0000001F)
    .ARM.Collect$$libinit$$00000021          0x000002f4   Section        0  libinit2.o(.ARM.Collect$$libinit$$00000021)
    .ARM.Collect$$libinit$$00000023          0x000002f4   Section        0  libinit2.o(.ARM.Collect$$libinit$$00000023)
    .ARM.Collect$$libinit$$0000002A          0x000002f4   Section        0  libinit2.o(.ARM.Collect$$libinit$$0000002A)
    .ARM.Collect$$libinit$$0000002C          0x000002f4   Section        0  libinit2.o(.ARM.Collect$$libinit$$0000002C)
    .ARM.Collect$$libinit$$0000002E          0x000002f4   Section        0  libinit2.o(.ARM.Collect$$libinit$$0000002E)
    .ARM.Collect$$libinit$$00000030          0x000002f4   Section        0  libinit2.o(.ARM.Collect$$libinit$$00000030)
    .ARM.Collect$$libinit$$00000031          0x000002f4   Section        2  libinit2.o(.ARM.Collect$$libinit$$00000031)
    .ARM.Collect$$libshutdown$$00000000      0x000002f6   Section        2  libshutdown.o(.ARM.Collect$$libshutdown$$00000000)
    .ARM.Collect$$libshutdown$$00000003      0x000002f8   Section        0  libshutdown2.o(.ARM.Collect$$libshutdown$$00000003)
    .ARM.Collect$$libshutdown$$00000006      0x000002f8   Section        0  libshutdown2.o(.ARM.Collect$$libshutdown$$00000006)
    .ARM.Collect$$libshutdown$$00000009      0x000002f8   Section        0  libshutdown2.o(.ARM.Collect$$libshutdown$$00000009)
    .ARM.Collect$$libshutdown$$0000000B      0x000002f8   Section        0  libshutdown2.o(.ARM.Collect$$libshutdown$$0000000B)
    .ARM.Collect$$libshutdown$$0000000E      0x000002f8   Section        0  libshutdown2.o(.ARM.Collect$$libshutdown$$0000000E)
    .ARM.Collect$$libshutdown$$0000000F      0x000002f8   Section        2  libshutdown2.o(.ARM.Collect$$libshutdown$$0000000F)
    .ARM.Collect$$rtentry$$00000000          0x000002fa   Section        0  rtentry.o(.ARM.Collect$$rtentry$$00000000)
    .ARM.Collect$$rtentry$$00000002          0x000002fa   Section        0  rtentry2.o(.ARM.Collect$$rtentry$$00000002)
    .ARM.Collect$$rtentry$$00000004          0x000002fa   Section        6  rtentry4.o(.ARM.Collect$$rtentry$$00000004)
    .ARM.Collect$$rtentry$$00000009          0x00000300   Section        0  rtentry2.o(.ARM.Collect$$rtentry$$00000009)
    .ARM.Collect$$rtentry$$0000000A          0x00000300   Section        4  rtentry2.o(.ARM.Collect$$rtentry$$0000000A)
    .ARM.Collect$$rtentry$$0000000C          0x00000304   Section        0  rtentry2.o(.ARM.Collect$$rtentry$$0000000C)
    .ARM.Collect$$rtentry$$0000000D          0x00000304   Section        8  rtentry2.o(.ARM.Collect$$rtentry$$0000000D)
    .ARM.Collect$$rtexit$$00000000           0x0000030c   Section        2  rtexit.o(.ARM.Collect$$rtexit$$00000000)
    .ARM.Collect$$rtexit$$00000002           0x0000030e   Section        0  rtexit2.o(.ARM.Collect$$rtexit$$00000002)
    .ARM.Collect$$rtexit$$00000003           0x0000030e   Section        4  rtexit2.o(.ARM.Collect$$rtexit$$00000003)
    .ARM.Collect$$rtexit$$00000004           0x00000312   Section        6  rtexit2.o(.ARM.Collect$$rtexit$$00000004)
    .text                                    0x00000318   Section      276  startup_tm4c123.o(.text)
    .text                                    0x0000042c   Section        0  gpio.o(.text)
    .text                                    0x00000d5c   Section        0  main.o(.text)
    .text                                    0x00001094   Section        0  keypad.o(.text)
    KeyPad_4x4_adjustKeyNumber               0x00001111   Thumb Code    96  keypad.o(.text)
    .text                                    0x000011c8   Section        0  lcd.o(.text)
    .text                                    0x00001434   Section        0  uart.o(.text)
    .text                                    0x000015d8   Section        0  atoi.o(.text)
    .text                                    0x000015f4   Section        0  assert.o(.text)
    .text                                    0x00001670   Section        0  heapauxi.o(.text)
    .text                                    0x00001678   Section        8  rt_errno_addr_intlibspace.o(.text)
    .text                                    0x00001680   Section        0  strtol.o(.text)
    .text                                    0x000016f0   Section        0  abort.o(.text)
    .text                                    0x00001700   Section        0  assert_puts.o(.text)
    .text                                    0x00001714   Section        0  sys_wrch.o(.text)
    .text                                    0x00001724   Section        0  sys_exit.o(.text)
    .text                                    0x00001730   Section        8  libspace.o(.text)
    .text                                    0x00001738   Section       16  rt_ctype_table.o(.text)
    .text                                    0x00001748   Section        0  _strtoul.o(.text)
    .text                                    0x000017e6   Section        0  defsig_abrt_outer.o(.text)
    .text                                    0x000017f4   Section        2  use_no_semi.o(.text)
    .text                                    0x000017f6   Section        0  indicate_semi.o(.text)
    .text                                    0x000017f6   Section       74  sys_stackheap_outer.o(.text)
    .text                                    0x00001840   Section        8  rt_locale_intlibspace.o(.text)
    .text                                    0x00001848   Section        0  _chval.o(.text)
    .text                                    0x00001864   Section        0  exit.o(.text)
    .text                                    0x00001870   Section        0  defsig_exit.o(.text)
    .text                                    0x0000187c   Section        0  defsig_abrt_inner.o(.text)
    .text                                    0x000018ac   Section        0  defsig_general.o(.text)
    .text                                    0x000018e0   Section      128  strcmpv7m.o(.text)
    locale$$code                             0x00001960   Section       44  lc_ctype_c.o(locale$$code)
    x$fpl$dadd                               0x0000198c   Section      336  daddsub_clz.o(x$fpl$dadd)
    _dadd1                                   0x0000199d   Thumb Code     0  daddsub_clz.o(x$fpl$dadd)
    x$fpl$dfix                               0x00001adc   Section       94  dfix.o(x$fpl$dfix)
    x$fpl$dnaninf                            0x00001b3a   Section      156  dnaninf.o(x$fpl$dnaninf)
    x$fpl$dretinf                            0x00001bd6   Section       12  dretinf.o(x$fpl$dretinf)
    x$fpl$dsub                               0x00001be4   Section      468  daddsub_clz.o(x$fpl$dsub)
    _dsub1                                   0x00001bf5   Thumb Code     0  daddsub_clz.o(x$fpl$dsub)
    x$fpl$f2d                                0x00001db8   Section       86  f2d.o(x$fpl$f2d)
    x$fpl$fadd                               0x00001e10   Section      196  faddsub_clz.o(x$fpl$fadd)
    _fadd1                                   0x00001e1f   Thumb Code     0  faddsub_clz.o(x$fpl$fadd)
    x$fpl$fflt                               0x00001ed4   Section       48  fflt_clz.o(x$fpl$fflt)
    x$fpl$ffltu                              0x00001f04   Section       38  fflt_clz.o(x$fpl$ffltu)
    x$fpl$fmul                               0x00001f2c   Section      258  fmul.o(x$fpl$fmul)
    x$fpl$fnaninf                            0x0000202e   Section      140  fnaninf.o(x$fpl$fnaninf)
    x$fpl$fretinf                            0x000020ba   Section       10  fretinf.o(x$fpl$fretinf)
    x$fpl$fsub                               0x000020c4   Section      234  faddsub_clz.o(x$fpl$fsub)
    _fsub1                                   0x000020d3   Thumb Code     0  faddsub_clz.o(x$fpl$fsub)
    x$fpl$usenofp                            0x000021ae   Section        0  usenofp.o(x$fpl$usenofp)
    .constdata                               0x000021b0   Section       83  main.o(.constdata)
    locale$$data                             0x00002224   Section      272  lc_ctype_c.o(locale$$data)
    __lcctype_c_name                         0x00002228   Data           2  lc_ctype_c.o(locale$$data)
    __lcctype_c_start                        0x00002230   Data           0  lc_ctype_c.o(locale$$data)
    __lcctype_c_end                          0x00002334   Data           0  lc_ctype_c.o(locale$$data)
    .data                                    0x20000000   Section       22  main.o(.data)
    .bss                                     0x20000018   Section      900  main.o(.bss)
    .bss                                     0x2000039c   Section       96  libspace.o(.bss)
    HEAP                                     0x20000400   Section        0  startup_tm4c123.o(HEAP)
    STACK                                    0x20000400   Section      512  startup_tm4c123.o(STACK)
    Heap_Mem                                 0x20000400   Data           0  startup_tm4c123.o(HEAP)
    Stack_Mem                                0x20000400   Data         512  startup_tm4c123.o(STACK)
    __initial_sp                             0x20000600   Data           0  startup_tm4c123.o(STACK)

    Global Symbols

    Symbol Name                              Value     Ov Type        Size  Object(Section)

    BuildAttributes$$THM_ISAv4$E$P$D$K$B$S$7EM$PE$A:L22UL41UL21$X:L11$S22US41US21$IEEE1$IW$USESV6$~STKCKD$USESV7$~SHL$OSPACE$ROPI$EBA8$UX$STANDARDLIB$REQ8$PRES8$EABIv2 0x00000000   Number         0  anon$$obj.o ABSOLUTE
    __ARM_use_no_argv                        0x00000000   Number         0  main.o ABSOLUTE
    __Vectors                                0x00000000   Data           4  startup_tm4c123.o(RESET)
    __ARM_exceptions_init                     - Undefined Weak Reference
    __alloca_initialize                       - Undefined Weak Reference
    __cpp_initialize__aeabi_                  - Undefined Weak Reference
    __cxa_finalize                            - Undefined Weak Reference
    __sigvec_lookup                           - Undefined Weak Reference
    _atexit_init                              - Undefined Weak Reference
    _call_atexit_fns                          - Undefined Weak Reference
    _clock_init                               - Undefined Weak Reference
    _fp_trap_init                             - Undefined Weak Reference
    _fp_trap_shutdown                         - Undefined Weak Reference
    _get_lc_collate                           - Undefined Weak Reference
    _get_lc_monetary                          - Undefined Weak Reference
    _get_lc_numeric                           - Undefined Weak Reference
    _get_lc_time                              - Undefined Weak Reference
    _getenv_init                              - Undefined Weak Reference
    _handle_redirection                       - Undefined Weak Reference
    _init_alloc                               - Undefined Weak Reference
    _init_user_alloc                          - Undefined Weak Reference
    _initio                                   - Undefined Weak Reference
    _rand_init                                - Undefined Weak Reference
    _signal_finish                            - Undefined Weak Reference
    _signal_init                              - Undefined Weak Reference
    _terminate_alloc                          - Undefined Weak Reference
    _terminate_user_alloc                     - Undefined Weak Reference
    _terminateio                              - Undefined Weak Reference
    __Vectors_End                            0x0000026c   Data           0  startup_tm4c123.o(RESET)
    __Vectors_Size                           0x0000026c   Number         0  startup_tm4c123.o ABSOLUTE
    __main                                   0x0000026d   Thumb Code     8  __main.o(!!!main)
    __scatterload                            0x00000275   Thumb Code     0  __scatter.o(!!!scatter)
    __scatterload_rt2                        0x00000275   Thumb Code    44  __scatter.o(!!!scatter)
    __scatterload_rt2_thumb_only             0x00000275   Thumb Code     0  __scatter.o(!!!scatter)
    __scatterload_null                       0x00000283   Thumb Code     0  __scatter.o(!!!scatter)
    __scatterload_copy                       0x000002a9   Thumb Code    26  __scatter_copy.o(!!handler_copy)
    __scatterload_zeroinit                   0x000002c5   Thumb Code    28  __scatter_zi.o(!!handler_zi)
    __rt_lib_init                            0x000002e1   Thumb Code     0  libinit.o(.ARM.Collect$$libinit$$00000000)
    __rt_lib_init_fp_1                       0x000002e3   Thumb Code     0  libinit2.o(.ARM.Collect$$libinit$$00000002)
    __rt_lib_init_heap_1                     0x000002e3   Thumb Code     0  libinit2.o(.ARM.Collect$$libinit$$00000008)
    __rt_lib_init_lc_common                  0x000002e3   Thumb Code     0  libinit2.o(.ARM.Collect$$libinit$$0000000D)
    __rt_lib_init_rand_1                     0x000002e3   Thumb Code     0  libinit2.o(.ARM.Collect$$libinit$$0000000C)
    __rt_lib_init_user_alloc_1               0x000002e3   Thumb Code     0  libinit2.o(.ARM.Collect$$libinit$$0000000A)
    __rt_lib_init_lc_collate_1               0x000002e9   Thumb Code     0  libinit2.o(.ARM.Collect$$libinit$$0000000F)
    __rt_lib_init_lc_ctype_2                 0x000002e9   Thumb Code     0  libinit2.o(.ARM.Collect$$libinit$$00000010)
    __rt_lib_init_alloca_1                   0x000002f5   Thumb Code     0  libinit2.o(.ARM.Collect$$libinit$$0000002C)
    __rt_lib_init_argv_1                     0x000002f5   Thumb Code     0  libinit2.o(.ARM.Collect$$libinit$$0000002A)
    __rt_lib_init_atexit_1                   0x000002f5   Thumb Code     0  libinit2.o(.ARM.Collect$$libinit$$00000019)
    __rt_lib_init_clock_1                    0x000002f5   Thumb Code     0  libinit2.o(.ARM.Collect$$libinit$$0000001F)
    __rt_lib_init_cpp_1                      0x000002f5   Thumb Code     0  libinit2.o(.ARM.Collect$$libinit$$00000030)
    __rt_lib_init_exceptions_1               0x000002f5   Thumb Code     0  libinit2.o(.ARM.Collect$$libinit$$0000002E)
    __rt_lib_init_fp_trap_1                  0x000002f5   Thumb Code     0  libinit2.o(.ARM.Collect$$libinit$$0000001D)
    __rt_lib_init_getenv_1                   0x000002f5   Thumb Code     0  libinit2.o(.ARM.Collect$$libinit$$00000021)
    __rt_lib_init_lc_ctype_1                 0x000002f5   Thumb Code     0  libinit2.o(.ARM.Collect$$libinit$$00000011)
    __rt_lib_init_lc_monetary_1              0x000002f5   Thumb Code     0  libinit2.o(.ARM.Collect$$libinit$$00000013)
    __rt_lib_init_lc_numeric_1               0x000002f5   Thumb Code     0  libinit2.o(.ARM.Collect$$libinit$$00000015)
    __rt_lib_init_lc_time_1                  0x000002f5   Thumb Code     0  libinit2.o(.ARM.Collect$$libinit$$00000017)
    __rt_lib_init_return                     0x000002f5   Thumb Code     0  libinit2.o(.ARM.Collect$$libinit$$00000031)
    __rt_lib_init_signal_1                   0x000002f5   Thumb Code     0  libinit2.o(.ARM.Collect$$libinit$$0000001B)
    __rt_lib_init_stdio_1                    0x000002f5   Thumb Code     0  libinit2.o(.ARM.Collect$$libinit$$00000023)
    __rt_lib_shutdown                        0x000002f7   Thumb Code     0  libshutdown.o(.ARM.Collect$$libshutdown$$00000000)
    __rt_lib_shutdown_fp_trap_1              0x000002f9   Thumb Code     0  libshutdown2.o(.ARM.Collect$$libshutdown$$00000006)
    __rt_lib_shutdown_heap_1                 0x000002f9   Thumb Code     0  libshutdown2.o(.ARM.Collect$$libshutdown$$0000000E)
    __rt_lib_shutdown_return                 0x000002f9   Thumb Code     0  libshutdown2.o(.ARM.Collect$$libshutdown$$0000000F)
    __rt_lib_shutdown_signal_1               0x000002f9   Thumb Code     0  libshutdown2.o(.ARM.Collect$$libshutdown$$00000009)
    __rt_lib_shutdown_stdio_1                0x000002f9   Thumb Code     0  libshutdown2.o(.ARM.Collect$$libshutdown$$00000003)
    __rt_lib_shutdown_user_alloc_1           0x000002f9   Thumb Code     0  libshutdown2.o(.ARM.Collect$$libshutdown$$0000000B)
    __rt_entry                               0x000002fb   Thumb Code     0  rtentry.o(.ARM.Collect$$rtentry$$00000000)
    __rt_entry_presh_1                       0x000002fb   Thumb Code     0  rtentry2.o(.ARM.Collect$$rtentry$$00000002)
    __rt_entry_sh                            0x000002fb   Thumb Code     0  rtentry4.o(.ARM.Collect$$rtentry$$00000004)
    __rt_entry_li                            0x00000301   Thumb Code     0  rtentry2.o(.ARM.Collect$$rtentry$$0000000A)
    __rt_entry_postsh_1                      0x00000301   Thumb Code     0  rtentry2.o(.ARM.Collect$$rtentry$$00000009)
    __rt_entry_main                          0x00000305   Thumb Code     0  rtentry2.o(.ARM.Collect$$rtentry$$0000000D)
    __rt_entry_postli_1                      0x00000305   Thumb Code     0  rtentry2.o(.ARM.Collect$$rtentry$$0000000C)
    __rt_exit                                0x0000030d   Thumb Code     0  rtexit.o(.ARM.Collect$$rtexit$$00000000)
    __rt_exit_ls                             0x0000030f   Thumb Code     0  rtexit2.o(.ARM.Collect$$rtexit$$00000003)
    __rt_exit_prels_1                        0x0000030f   Thumb Code     0  rtexit2.o(.ARM.Collect$$rtexit$$00000002)
    __rt_exit_exit                           0x00000313   Thumb Code     0  rtexit2.o(.ARM.Collect$$rtexit$$00000004)
    Reset_Handler                            0x00000319   Thumb Code     8  startup_tm4c123.o(.text)
    NMI_Handler                              0x00000321   Thumb Code     2  startup_tm4c123.o(.text)
    HardFault_Handler                        0x00000323   Thumb Code     2  startup_tm4c123.o(.text)
    MemManage_Handler                        0x00000325   Thumb Code     2  startup_tm4c123.o(.text)
    BusFault_Handler                         0x00000327   Thumb Code     2  startup_tm4c123.o(.text)
    UsageFault_Handler                       0x00000329   Thumb Code     2  startup_tm4c123.o(.text)
    SVC_Handler                              0x0000032b   Thumb Code     2  startup_tm4c123.o(.text)
    DebugMon_Handler                         0x0000032d   Thumb Code     2  startup_tm4c123.o(.text)
    PendSV_Handler                           0x0000032f   Thumb Code     2  startup_tm4c123.o(.text)
    SysTick_Handler                          0x00000331   Thumb Code     2  startup_tm4c123.o(.text)
    GPIOA_Handler                            0x00000333   Thumb Code     2  startup_tm4c123.o(.text)
    GPIOB_Handler                            0x00000335   Thumb Code     2  startup_tm4c123.o(.text)
    GPIOC_Handler                            0x00000337   Thumb Code     2  startup_tm4c123.o(.text)
    GPIOD_Handler                            0x00000339   Thumb Code     2  startup_tm4c123.o(.text)
    GPIOE_Handler                            0x0000033b   Thumb Code     2  startup_tm4c123.o(.text)
    UART0_Handler                            0x0000033d   Thumb Code     2  startup_tm4c123.o(.text)
    UART1_Handler                            0x0000033f   Thumb Code     2  startup_tm4c123.o(.text)
    SSI0_Handler                             0x00000341   Thumb Code     2  startup_tm4c123.o(.text)
    I2C0_Handler                             0x00000343   Thumb Code     2  startup_tm4c123.o(.text)
    PMW0_FAULT_Handler                       0x00000345   Thumb Code     2  startup_tm4c123.o(.text)
    PWM0_0_Handler                           0x00000347   Thumb Code     2  startup_tm4c123.o(.text)
    PWM0_1_Handler                           0x00000349   Thumb Code     2  startup_tm4c123.o(.text)
    PWM0_2_Handler                           0x0000034b   Thumb Code     2  startup_tm4c123.o(.text)
    QEI0_Handler                             0x0000034d   Thumb Code     2  startup_tm4c123.o(.text)
    ADC0SS0_Handler                          0x0000034f   Thumb Code     2  startup_tm4c123.o(.text)
    ADC0SS1_Handler                          0x00000351   Thumb Code     2  startup_tm4c123.o(.text)
    ADC0SS2_Handler                          0x00000353   Thumb Code     2  startup_tm4c123.o(.text)
    ADC0SS3_Handler                          0x00000355   Thumb Code     2  startup_tm4c123.o(.text)
    WDT0_Handler                             0x00000357   Thumb Code     2  startup_tm4c123.o(.text)
    TIMER0A_Handler                          0x00000359   Thumb Code     2  startup_tm4c123.o(.text)
    TIMER0B_Handler                          0x0000035b   Thumb Code     2  startup_tm4c123.o(.text)
    TIMER1A_Handler                          0x0000035d   Thumb Code     2  startup_tm4c123.o(.text)
    TIMER1B_Handler                          0x0000035f   Thumb Code     2  startup_tm4c123.o(.text)
    TIMER2A_Handler                          0x00000361   Thumb Code     2  startup_tm4c123.o(.text)
    TIMER2B_Handler                          0x00000363   Thumb Code     2  startup_tm4c123.o(.text)
    COMP0_Handler                            0x00000365   Thumb Code     2  startup_tm4c123.o(.text)
    COMP1_Handler                            0x00000367   Thumb Code     2  startup_tm4c123.o(.text)
    COMP2_Handler                            0x00000369   Thumb Code     2  startup_tm4c123.o(.text)
    SYSCTL_Handler                           0x0000036b   Thumb Code     2  startup_tm4c123.o(.text)
    FLASH_Handler                            0x0000036d   Thumb Code     2  startup_tm4c123.o(.text)
    GPIOF_Handler                            0x0000036f   Thumb Code     2  startup_tm4c123.o(.text)
    GPIOG_Handler                            0x00000371   Thumb Code     2  startup_tm4c123.o(.text)
    GPIOH_Handler                            0x00000373   Thumb Code     2  startup_tm4c123.o(.text)
    UART2_Handler                            0x00000375   Thumb Code     2  startup_tm4c123.o(.text)
    SSI1_Handler                             0x00000377   Thumb Code     2  startup_tm4c123.o(.text)
    TIMER3A_Handler                          0x00000379   Thumb Code     2  startup_tm4c123.o(.text)
    TIMER3B_Handler                          0x0000037b   Thumb Code     2  startup_tm4c123.o(.text)
    I2C1_Handler                             0x0000037d   Thumb Code     2  startup_tm4c123.o(.text)
    QEI1_Handler                             0x0000037f   Thumb Code     2  startup_tm4c123.o(.text)
    CAN0_Handler                             0x00000381   Thumb Code     2  startup_tm4c123.o(.text)
    CAN1_Handler                             0x00000383   Thumb Code     2  startup_tm4c123.o(.text)
    CAN2_Handler                             0x00000385   Thumb Code     2  startup_tm4c123.o(.text)
    HIB_Handler                              0x00000387   Thumb Code     2  startup_tm4c123.o(.text)
    USB0_Handler                             0x00000389   Thumb Code     2  startup_tm4c123.o(.text)
    PWM0_3_Handler                           0x0000038b   Thumb Code     2  startup_tm4c123.o(.text)
    UDMA_Handler                             0x0000038d   Thumb Code     2  startup_tm4c123.o(.text)
    UDMAERR_Handler                          0x0000038f   Thumb Code     2  startup_tm4c123.o(.text)
    ADC1SS0_Handler                          0x00000391   Thumb Code     2  startup_tm4c123.o(.text)
    ADC1SS1_Handler                          0x00000393   Thumb Code     2  startup_tm4c123.o(.text)
    ADC1SS2_Handler                          0x00000395   Thumb Code     2  startup_tm4c123.o(.text)
    ADC1SS3_Handler                          0x00000397   Thumb Code     2  startup_tm4c123.o(.text)
    GPIOJ_Handler                            0x00000399   Thumb Code     2  startup_tm4c123.o(.text)
    GPIOK_Handler                            0x0000039b   Thumb Code     2  startup_tm4c123.o(.text)
    GPIOL_Handler                            0x0000039d   Thumb Code     2  startup_tm4c123.o(.text)
    SSI2_Handler                             0x0000039f   Thumb Code     2  startup_tm4c123.o(.text)
    SSI3_Handler                             0x000003a1   Thumb Code     2  startup_tm4c123.o(.text)
    UART3_Handler                            0x000003a3   Thumb Code     2  startup_tm4c123.o(.text)
    UART4_Handler                            0x000003a5   Thumb Code     2  startup_tm4c123.o(.text)
    UART5_Handler                            0x000003a7   Thumb Code     2  startup_tm4c123.o(.text)
    UART6_Handler                            0x000003a9   Thumb Code     2  startup_tm4c123.o(.text)
    UART7_Handler                            0x000003ab   Thumb Code     2  startup_tm4c123.o(.text)
    I2C2_Handler                             0x000003ad   Thumb Code     2  startup_tm4c123.o(.text)
    I2C3_Handler                             0x000003af   Thumb Code     2  startup_tm4c123.o(.text)
    TIMER4A_Handler                          0x000003b1   Thumb Code     2  startup_tm4c123.o(.text)
    TIMER4B_Handler                          0x000003b3   Thumb Code     2  startup_tm4c123.o(.text)
    TIMER5A_Handler                          0x000003b5   Thumb Code     2  startup_tm4c123.o(.text)
    TIMER5B_Handler                          0x000003b7   Thumb Code     2  startup_tm4c123.o(.text)
    WTIMER0A_Handler                         0x000003b9   Thumb Code     2  startup_tm4c123.o(.text)
    WTIMER0B_Handler                         0x000003bb   Thumb Code     2  startup_tm4c123.o(.text)
    WTIMER1A_Handler                         0x000003bd   Thumb Code     2  startup_tm4c123.o(.text)
    WTIMER1B_Handler                         0x000003bf   Thumb Code     2  startup_tm4c123.o(.text)
    WTIMER2A_Handler                         0x000003c1   Thumb Code     2  startup_tm4c123.o(.text)
    WTIMER2B_Handler                         0x000003c3   Thumb Code     2  startup_tm4c123.o(.text)
    WTIMER3A_Handler                         0x000003c5   Thumb Code     2  startup_tm4c123.o(.text)
    WTIMER3B_Handler                         0x000003c7   Thumb Code     2  startup_tm4c123.o(.text)
    WTIMER4A_Handler                         0x000003c9   Thumb Code     2  startup_tm4c123.o(.text)
    WTIMER4B_Handler                         0x000003cb   Thumb Code     2  startup_tm4c123.o(.text)
    WTIMER5A_Handler                         0x000003cd   Thumb Code     2  startup_tm4c123.o(.text)
    WTIMER5B_Handler                         0x000003cf   Thumb Code     2  startup_tm4c123.o(.text)
    FPU_Handler                              0x000003d1   Thumb Code     2  startup_tm4c123.o(.text)
    I2C4_Handler                             0x000003d3   Thumb Code     2  startup_tm4c123.o(.text)
    I2C5_Handler                             0x000003d5   Thumb Code     2  startup_tm4c123.o(.text)
    GPIOM_Handler                            0x000003d7   Thumb Code     2  startup_tm4c123.o(.text)
    GPION_Handler                            0x000003d9   Thumb Code     2  startup_tm4c123.o(.text)
    QEI2_Handler                             0x000003db   Thumb Code     2  startup_tm4c123.o(.text)
    GPIOP0_Handler                           0x000003dd   Thumb Code     2  startup_tm4c123.o(.text)
    GPIOP1_Handler                           0x000003df   Thumb Code     2  startup_tm4c123.o(.text)
    GPIOP2_Handler                           0x000003e1   Thumb Code     2  startup_tm4c123.o(.text)
    GPIOP3_Handler                           0x000003e3   Thumb Code     2  startup_tm4c123.o(.text)
    GPIOP4_Handler                           0x000003e5   Thumb Code     2  startup_tm4c123.o(.text)
    GPIOP5_Handler                           0x000003e7   Thumb Code     2  startup_tm4c123.o(.text)
    GPIOP6_Handler                           0x000003e9   Thumb Code     2  startup_tm4c123.o(.text)
    GPIOP7_Handler                           0x000003eb   Thumb Code     2  startup_tm4c123.o(.text)
    GPIOQ0_Handler                           0x000003ed   Thumb Code     2  startup_tm4c123.o(.text)
    GPIOQ1_Handler                           0x000003ef   Thumb Code     2  startup_tm4c123.o(.text)
    GPIOQ2_Handler                           0x000003f1   Thumb Code     2  startup_tm4c123.o(.text)
    GPIOQ3_Handler                           0x000003f3   Thumb Code     2  startup_tm4c123.o(.text)
    GPIOQ4_Handler                           0x000003f5   Thumb Code     2  startup_tm4c123.o(.text)
    GPIOQ5_Handler                           0x000003f7   Thumb Code     2  startup_tm4c123.o(.text)
    GPIOQ6_Handler                           0x000003f9   Thumb Code     2  startup_tm4c123.o(.text)
    GPIOQ7_Handler                           0x000003fb   Thumb Code     2  startup_tm4c123.o(.text)
    GPIOR_Handler                            0x000003fd   Thumb Code     2  startup_tm4c123.o(.text)
    GPIOS_Handler                            0x000003ff   Thumb Code     2  startup_tm4c123.o(.text)
    PMW1_0_Handler                           0x00000401   Thumb Code     2  startup_tm4c123.o(.text)
    PWM1_1_Handler                           0x00000403   Thumb Code     2  startup_tm4c123.o(.text)
    PWM1_2_Handler                           0x00000405   Thumb Code     2  startup_tm4c123.o(.text)
    PWM1_3_Handler                           0x00000407   Thumb Code     2  startup_tm4c123.o(.text)
    PWM1_FAULT_Handler                       0x00000409   Thumb Code     2  startup_tm4c123.o(.text)
    __user_initial_stackheap                 0x0000040d   Thumb Code     0  startup_tm4c123.o(.text)
    pinMode                                  0x0000042d   Thumb Code  1538  gpio.o(.text)
    digitalPinRead                           0x00000a2f   Thumb Code   242  gpio.o(.text)
    digitalPortRead                          0x00000b21   Thumb Code    76  gpio.o(.text)
    digitalWrite                             0x00000b6d   Thumb Code   404  gpio.o(.text)
    digitalPortWrite                         0x00000d01   Thumb Code    58  gpio.o(.text)
    SystemInit                               0x00000d5d   Thumb Code     2  main.o(.text)
    main                                     0x00000d5f   Thumb Code   622  main.o(.text)
    keypad_init                              0x00001095   Thumb Code   124  keypad.o(.text)
    keypad_get_char                          0x00001171   Thumb Code    86  keypad.o(.text)
    Control_Pins_Init                        0x000011c9   Thumb Code   142  lcd.o(.text)
    Data_Port_Init                           0x00001257   Thumb Code    74  lcd.o(.text)
    Delay                                    0x000012a1   Thumb Code    22  lcd.o(.text)
    Send_Command                             0x000012b7   Thumb Code    84  lcd.o(.text)
    Display_Character                        0x0000130b   Thumb Code    90  lcd.o(.text)
    Display_String                           0x00001365   Thumb Code    26  lcd.o(.text)
    Set_Position                             0x0000137f   Thumb Code    62  lcd.o(.text)
    Delete_Last_Char                         0x000013bd   Thumb Code    34  lcd.o(.text)
    LCD_Init                                 0x000013df   Thumb Code    30  lcd.o(.text)
    Clear_Screen                             0x000013fd   Thumb Code    10  lcd.o(.text)
    UART_INIT                                0x00001435   Thumb Code   286  uart.o(.text)
    UART_SEND_CHARACTER                      0x00001553   Thumb Code    20  uart.o(.text)
    UART_RECIEVE_CHARACTER                   0x00001567   Thumb Code    22  uart.o(.text)
    UART_SEND_STR                            0x0000157d   Thumb Code    26  uart.o(.text)
    UART_RECIEVE_STR                         0x00001597   Thumb Code    36  uart.o(.text)
    atoi                                     0x000015d9   Thumb Code    26  atoi.o(.text)
    __aeabi_assert                           0x000015f5   Thumb Code    84  assert.o(.text)
    __assert                                 0x000015f5   Thumb Code     0  assert.o(.text)
    __use_two_region_memory                  0x00001671   Thumb Code     2  heapauxi.o(.text)
    __rt_heap_escrow$2region                 0x00001673   Thumb Code     2  heapauxi.o(.text)
    __rt_heap_expand$2region                 0x00001675   Thumb Code     2  heapauxi.o(.text)
    __aeabi_errno_addr                       0x00001679   Thumb Code     8  rt_errno_addr_intlibspace.o(.text)
    __errno$intlibspace                      0x00001679   Thumb Code     0  rt_errno_addr_intlibspace.o(.text)
    __rt_errno_addr$intlibspace              0x00001679   Thumb Code     0  rt_errno_addr_intlibspace.o(.text)
    strtol                                   0x00001681   Thumb Code   112  strtol.o(.text)
    abort                                    0x000016f1   Thumb Code    16  abort.o(.text)
    __assert_puts                            0x00001701   Thumb Code    20  assert_puts.o(.text)
    _ttywrch                                 0x00001715   Thumb Code    14  sys_wrch.o(.text)
    _sys_exit                                0x00001725   Thumb Code     8  sys_exit.o(.text)
    __user_libspace                          0x00001731   Thumb Code     8  libspace.o(.text)
    __user_perproc_libspace                  0x00001731   Thumb Code     0  libspace.o(.text)
    __user_perthread_libspace                0x00001731   Thumb Code     0  libspace.o(.text)
    __rt_ctype_table                         0x00001739   Thumb Code    16  rt_ctype_table.o(.text)
    _strtoul                                 0x00001749   Thumb Code   158  _strtoul.o(.text)
    __rt_SIGABRT                             0x000017e7   Thumb Code    14  defsig_abrt_outer.o(.text)
    __I$use$semihosting                      0x000017f5   Thumb Code     0  use_no_semi.o(.text)
    __use_no_semihosting_swi                 0x000017f5   Thumb Code     2  use_no_semi.o(.text)
    __semihosting_library_function           0x000017f7   Thumb Code     0  indicate_semi.o(.text)
    __user_setup_stackheap                   0x000017f7   Thumb Code    74  sys_stackheap_outer.o(.text)
    __rt_locale                              0x00001841   Thumb Code     8  rt_locale_intlibspace.o(.text)
    _chval                                   0x00001849   Thumb Code    28  _chval.o(.text)
    exit                                     0x00001865   Thumb Code    12  exit.o(.text)
    __sig_exit                               0x00001871   Thumb Code    10  defsig_exit.o(.text)
    __rt_SIGABRT_inner                       0x0000187d   Thumb Code    14  defsig_abrt_inner.o(.text)
    __default_signal_display                 0x000018ad   Thumb Code    50  defsig_general.o(.text)
    strcmp                                   0x000018e1   Thumb Code   128  strcmpv7m.o(.text)
    _get_lc_ctype                            0x00001961   Thumb Code    44  lc_ctype_c.o(locale$$code)
    __aeabi_dadd                             0x0000198d   Thumb Code     0  daddsub_clz.o(x$fpl$dadd)
    _dadd                                    0x0000198d   Thumb Code   332  daddsub_clz.o(x$fpl$dadd)
    __aeabi_d2iz                             0x00001add   Thumb Code     0  dfix.o(x$fpl$dfix)
    _dfix                                    0x00001add   Thumb Code    94  dfix.o(x$fpl$dfix)
    __fpl_dnaninf                            0x00001b3b   Thumb Code   156  dnaninf.o(x$fpl$dnaninf)
    __fpl_dretinf                            0x00001bd7   Thumb Code    12  dretinf.o(x$fpl$dretinf)
    __aeabi_dsub                             0x00001be5   Thumb Code     0  daddsub_clz.o(x$fpl$dsub)
    _dsub                                    0x00001be5   Thumb Code   464  daddsub_clz.o(x$fpl$dsub)
    __aeabi_f2d                              0x00001db9   Thumb Code     0  f2d.o(x$fpl$f2d)
    _f2d                                     0x00001db9   Thumb Code    86  f2d.o(x$fpl$f2d)
    __aeabi_fadd                             0x00001e11   Thumb Code     0  faddsub_clz.o(x$fpl$fadd)
    _fadd                                    0x00001e11   Thumb Code   196  faddsub_clz.o(x$fpl$fadd)
    __aeabi_i2f                              0x00001ed5   Thumb Code     0  fflt_clz.o(x$fpl$fflt)
    _fflt                                    0x00001ed5   Thumb Code    48  fflt_clz.o(x$fpl$fflt)
    __aeabi_ui2f                             0x00001f05   Thumb Code     0  fflt_clz.o(x$fpl$ffltu)
    _ffltu                                   0x00001f05   Thumb Code    38  fflt_clz.o(x$fpl$ffltu)
    __aeabi_fmul                             0x00001f2d   Thumb Code     0  fmul.o(x$fpl$fmul)
    _fmul                                    0x00001f2d   Thumb Code   258  fmul.o(x$fpl$fmul)
    __fpl_fnaninf                            0x0000202f   Thumb Code   140  fnaninf.o(x$fpl$fnaninf)
    __fpl_fretinf                            0x000020bb   Thumb Code    10  fretinf.o(x$fpl$fretinf)
    __aeabi_fsub                             0x000020c5   Thumb Code     0  faddsub_clz.o(x$fpl$fsub)
    _fsub                                    0x000020c5   Thumb Code   234  faddsub_clz.o(x$fpl$fsub)
    __I$use$fp                               0x000021ae   Number         0  usenofp.o(x$fpl$usenofp)
    Region$$Table$$Base                      0x00002204   Number         0  anon$$obj.o(Region$$Table)
    Region$$Table$$Limit                     0x00002224   Number         0  anon$$obj.o(Region$$Table)
    __ctype                                  0x00002231   Data           0  lc_ctype_c.o(locale$$data)
    key                                      0x20000000   Data           4  main.o(.data)
    rooms_num                                0x20000004   Data           4  main.o(.data)
    y                                        0x20000008   Data           4  main.o(.data)
    j                                        0x2000000c   Data           4  main.o(.data)
    x                                        0x20000010   Data           1  main.o(.data)
    pin_checker                              0x20000011   Data           5  main.o(.data)
    rooms                                    0x20000018   Data         800  main.o(.bss)
    str                                      0x20000338   Data         100  main.o(.bss)
    __libspace_start                         0x2000039c   Data          96  libspace.o(.bss)
    __temporary_stack_top$libspace           0x200003fc   Data           0  libspace.o(.bss)



==============================================================================

Memory Map of the image

  Image Entry point : 0x0000026d

  Load Region LR_IROM1 (Base: 0x00000000, Size: 0x0000234c, Max: 0x00040000, ABSOLUTE)

    Execution Region ER_IROM1 (Base: 0x00000000, Size: 0x00002334, Max: 0x00040000, ABSOLUTE)

    Base Addr    Size         Type   Attr      Idx    E Section Name        Object

    0x00000000   0x0000026c   Data   RO            3    RESET               startup_tm4c123.o
    0x0000026c   0x00000008   Code   RO          121  * !!!main             c_w.l(__main.o)
    0x00000274   0x00000034   Code   RO          341    !!!scatter          c_w.l(__scatter.o)
    0x000002a8   0x0000001a   Code   RO          343    !!handler_copy      c_w.l(__scatter_copy.o)
    0x000002c2   0x00000002   PAD
    0x000002c4   0x0000001c   Code   RO          345    !!handler_zi        c_w.l(__scatter_zi.o)
    0x000002e0   0x00000002   Code   RO          228    .ARM.Collect$$libinit$$00000000  c_w.l(libinit.o)
    0x000002e2   0x00000000   Code   RO          238    .ARM.Collect$$libinit$$00000002  c_w.l(libinit2.o)
    0x000002e2   0x00000000   Code   RO          241    .ARM.Collect$$libinit$$00000008  c_w.l(libinit2.o)
    0x000002e2   0x00000000   Code   RO          243    .ARM.Collect$$libinit$$0000000A  c_w.l(libinit2.o)
    0x000002e2   0x00000000   Code   RO          245    .ARM.Collect$$libinit$$0000000C  c_w.l(libinit2.o)
    0x000002e2   0x00000006   Code   RO          246    .ARM.Collect$$libinit$$0000000D  c_w.l(libinit2.o)
    0x000002e8   0x00000000   Code   RO          248    .ARM.Collect$$libinit$$0000000F  c_w.l(libinit2.o)
    0x000002e8   0x0000000c   Code   RO          249    .ARM.Collect$$libinit$$00000010  c_w.l(libinit2.o)
    0x000002f4   0x00000000   Code   RO          250    .ARM.Collect$$libinit$$00000011  c_w.l(libinit2.o)
    0x000002f4   0x00000000   Code   RO          252    .ARM.Collect$$libinit$$00000013  c_w.l(libinit2.o)
    0x000002f4   0x00000000   Code   RO          254    .ARM.Collect$$libinit$$00000015  c_w.l(libinit2.o)
    0x000002f4   0x00000000   Code   RO          256    .ARM.Collect$$libinit$$00000017  c_w.l(libinit2.o)
    0x000002f4   0x00000000   Code   RO          258    .ARM.Collect$$libinit$$00000019  c_w.l(libinit2.o)
    0x000002f4   0x00000000   Code   RO          260    .ARM.Collect$$libinit$$0000001B  c_w.l(libinit2.o)
    0x000002f4   0x00000000   Code   RO          262    .ARM.Collect$$libinit$$0000001D  c_w.l(libinit2.o)
    0x000002f4   0x00000000   Code   RO          264    .ARM.Collect$$libinit$$0000001F  c_w.l(libinit2.o)
    0x000002f4   0x00000000   Code   RO          266    .ARM.Collect$$libinit$$00000021  c_w.l(libinit2.o)
    0x000002f4   0x00000000   Code   RO          268    .ARM.Collect$$libinit$$00000023  c_w.l(libinit2.o)
    0x000002f4   0x00000000   Code   RO          272    .ARM.Collect$$libinit$$0000002A  c_w.l(libinit2.o)
    0x000002f4   0x00000000   Code   RO          274    .ARM.Collect$$libinit$$0000002C  c_w.l(libinit2.o)
    0x000002f4   0x00000000   Code   RO          276    .ARM.Collect$$libinit$$0000002E  c_w.l(libinit2.o)
    0x000002f4   0x00000000   Code   RO          278    .ARM.Collect$$libinit$$00000030  c_w.l(libinit2.o)
    0x000002f4   0x00000002   Code   RO          279    .ARM.Collect$$libinit$$00000031  c_w.l(libinit2.o)
    0x000002f6   0x00000002   Code   RO          315    .ARM.Collect$$libshutdown$$00000000  c_w.l(libshutdown.o)
    0x000002f8   0x00000000   Code   RO          326    .ARM.Collect$$libshutdown$$00000003  c_w.l(libshutdown2.o)
    0x000002f8   0x00000000   Code   RO          329    .ARM.Collect$$libshutdown$$00000006  c_w.l(libshutdown2.o)
    0x000002f8   0x00000000   Code   RO          332    .ARM.Collect$$libshutdown$$00000009  c_w.l(libshutdown2.o)
    0x000002f8   0x00000000   Code   RO          334    .ARM.Collect$$libshutdown$$0000000B  c_w.l(libshutdown2.o)
    0x000002f8   0x00000000   Code   RO          337    .ARM.Collect$$libshutdown$$0000000E  c_w.l(libshutdown2.o)
    0x000002f8   0x00000002   Code   RO          338    .ARM.Collect$$libshutdown$$0000000F  c_w.l(libshutdown2.o)
    0x000002fa   0x00000000   Code   RO          149    .ARM.Collect$$rtentry$$00000000  c_w.l(rtentry.o)
    0x000002fa   0x00000000   Code   RO          178    .ARM.Collect$$rtentry$$00000002  c_w.l(rtentry2.o)
    0x000002fa   0x00000006   Code   RO          190    .ARM.Collect$$rtentry$$00000004  c_w.l(rtentry4.o)
    0x00000300   0x00000000   Code   RO          180    .ARM.Collect$$rtentry$$00000009  c_w.l(rtentry2.o)
    0x00000300   0x00000004   Code   RO          181    .ARM.Collect$$rtentry$$0000000A  c_w.l(rtentry2.o)
    0x00000304   0x00000000   Code   RO          183    .ARM.Collect$$rtentry$$0000000C  c_w.l(rtentry2.o)
    0x00000304   0x00000008   Code   RO          184    .ARM.Collect$$rtentry$$0000000D  c_w.l(rtentry2.o)
    0x0000030c   0x00000002   Code   RO          229    .ARM.Collect$$rtexit$$00000000  c_w.l(rtexit.o)
    0x0000030e   0x00000000   Code   RO          281    .ARM.Collect$$rtexit$$00000002  c_w.l(rtexit2.o)
    0x0000030e   0x00000004   Code   RO          282    .ARM.Collect$$rtexit$$00000003  c_w.l(rtexit2.o)
    0x00000312   0x00000006   Code   RO          283    .ARM.Collect$$rtexit$$00000004  c_w.l(rtexit2.o)
    0x00000318   0x00000114   Code   RO            4    .text               startup_tm4c123.o
    0x0000042c   0x00000930   Code   RO           10    .text               gpio.o
    0x00000d5c   0x00000338   Code   RO           41    .text               main.o
    0x00001094   0x00000132   Code   RO           74    .text               keypad.o
    0x000011c6   0x00000002   PAD
    0x000011c8   0x0000026c   Code   RO           86    .text               lcd.o
    0x00001434   0x000001a4   Code   RO          101    .text               uart.o
    0x000015d8   0x0000001a   Code   RO          115    .text               c_w.l(atoi.o)
    0x000015f2   0x00000002   PAD
    0x000015f4   0x0000007c   Code   RO          117    .text               c_w.l(assert.o)
    0x00001670   0x00000006   Code   RO          119    .text               c_w.l(heapauxi.o)
    0x00001676   0x00000002   PAD
    0x00001678   0x00000008   Code   RO          153    .text               c_w.l(rt_errno_addr_intlibspace.o)
    0x00001680   0x00000070   Code   RO          155    .text               c_w.l(strtol.o)
    0x000016f0   0x00000010   Code   RO          157    .text               c_w.l(abort.o)
    0x00001700   0x00000014   Code   RO          159    .text               c_w.l(assert_puts.o)
    0x00001714   0x0000000e   Code   RO          170    .text               c_w.l(sys_wrch.o)
    0x00001722   0x00000002   PAD
    0x00001724   0x0000000c   Code   RO          172    .text               c_w.l(sys_exit.o)
    0x00001730   0x00000008   Code   RO          174    .text               c_w.l(libspace.o)
    0x00001738   0x00000010   Code   RO          192    .text               c_w.l(rt_ctype_table.o)
    0x00001748   0x0000009e   Code   RO          194    .text               c_w.l(_strtoul.o)
    0x000017e6   0x0000000e   Code   RO          196    .text               c_w.l(defsig_abrt_outer.o)
    0x000017f4   0x00000002   Code   RO          200    .text               c_w.l(use_no_semi.o)
    0x000017f6   0x00000000   Code   RO          202    .text               c_w.l(indicate_semi.o)
    0x000017f6   0x0000004a   Code   RO          203    .text               c_w.l(sys_stackheap_outer.o)
    0x00001840   0x00000008   Code   RO          210    .text               c_w.l(rt_locale_intlibspace.o)
    0x00001848   0x0000001c   Code   RO          212    .text               c_w.l(_chval.o)
    0x00001864   0x0000000c   Code   RO          217    .text               c_w.l(exit.o)
    0x00001870   0x0000000a   Code   RO          219    .text               c_w.l(defsig_exit.o)
    0x0000187a   0x00000002   PAD
    0x0000187c   0x00000030   Code   RO          221    .text               c_w.l(defsig_abrt_inner.o)
    0x000018ac   0x00000032   Code   RO          233    .text               c_w.l(defsig_general.o)
    0x000018de   0x00000002   PAD
    0x000018e0   0x00000080   Code   RO          235    .text               c_w.l(strcmpv7m.o)
    0x00001960   0x0000002c   Code   RO          215    locale$$code        c_w.l(lc_ctype_c.o)
    0x0000198c   0x00000150   Code   RO          123    x$fpl$dadd          fz_ws.l(daddsub_clz.o)
    0x00001adc   0x0000005e   Code   RO          129    x$fpl$dfix          fz_ws.l(dfix.o)
    0x00001b3a   0x0000009c   Code   RO          161    x$fpl$dnaninf       fz_ws.l(dnaninf.o)
    0x00001bd6   0x0000000c   Code   RO          163    x$fpl$dretinf       fz_ws.l(dretinf.o)
    0x00001be2   0x00000002   PAD
    0x00001be4   0x000001d4   Code   RO          125    x$fpl$dsub          fz_ws.l(daddsub_clz.o)
    0x00001db8   0x00000056   Code   RO          133    x$fpl$f2d           fz_ws.l(f2d.o)
    0x00001e0e   0x00000002   PAD
    0x00001e10   0x000000c4   Code   RO          135    x$fpl$fadd          fz_ws.l(faddsub_clz.o)
    0x00001ed4   0x00000030   Code   RO          142    x$fpl$fflt          fz_ws.l(fflt_clz.o)
    0x00001f04   0x00000026   Code   RO          141    x$fpl$ffltu         fz_ws.l(fflt_clz.o)
    0x00001f2a   0x00000002   PAD
    0x00001f2c   0x00000102   Code   RO          147    x$fpl$fmul          fz_ws.l(fmul.o)
    0x0000202e   0x0000008c   Code   RO          165    x$fpl$fnaninf       fz_ws.l(fnaninf.o)
    0x000020ba   0x0000000a   Code   RO          167    x$fpl$fretinf       fz_ws.l(fretinf.o)
    0x000020c4   0x000000ea   Code   RO          137    x$fpl$fsub          fz_ws.l(faddsub_clz.o)
    0x000021ae   0x00000000   Code   RO          169    x$fpl$usenofp       fz_ws.l(usenofp.o)
    0x000021ae   0x00000002   PAD
    0x000021b0   0x00000053   Data   RO           43    .constdata          main.o
    0x00002203   0x00000001   PAD
    0x00002204   0x00000020   Data   RO          339    Region$$Table       anon$$obj.o
    0x00002224   0x00000110   Data   RO          214    locale$$data        c_w.l(lc_ctype_c.o)


    Execution Region RW_IRAM1 (Base: 0x20000000, Size: 0x00000600, Max: 0x00008000, ABSOLUTE)

    Base Addr    Size         Type   Attr      Idx    E Section Name        Object

    0x20000000   0x00000016   Data   RW           44    .data               main.o
    0x20000016   0x00000002   PAD
    0x20000018   0x00000384   Zero   RW           42    .bss                main.o
    0x2000039c   0x00000060   Zero   RW          175    .bss                c_w.l(libspace.o)
    0x200003fc   0x00000004   PAD
    0x20000400   0x00000000   Zero   RW            2    HEAP                startup_tm4c123.o
    0x20000400   0x00000200   Zero   RW            1    STACK               startup_tm4c123.o


==============================================================================

Image component sizes


      Code (inc. data)   RO Data    RW Data    ZI Data      Debug   Object Name

      2352        184          0          0          0       6915   gpio.o
       306         18          0          0          0        998   keypad.o
       620         46          0          0          0       1955   lcd.o
       824        200         83         22        900       1990   main.o
       276         24        620          0        512       5348   startup_tm4c123.o
       420         30          0          0          0       1522   uart.o

    ----------------------------------------------------------------------
      4800        502        736         24       1412      18728   Object Totals
         0          0         32          0          0          0   (incl. Generated)
         2          0          1          2          0          0   (incl. Padding)

    ----------------------------------------------------------------------

      Code (inc. data)   RO Data    RW Data    ZI Data      Debug   Library Member Name

         8          0          0          0          0         68   __main.o
        52          8          0          0          0          0   __scatter.o
        26          0          0          0          0          0   __scatter_copy.o
        28          0          0          0          0          0   __scatter_zi.o
        28          0          0          0          0         68   _chval.o
       158          0          0          0          0         92   _strtoul.o
        16          0          0          0          0         72   abort.o
       124         40          0          0          0         76   assert.o
        20          0          0          0          0         76   assert_puts.o
        26          0          0          0          0         80   atoi.o
        48         34          0          0          0         76   defsig_abrt_inner.o
        14          0          0          0          0         80   defsig_abrt_outer.o
        10          0          0          0          0         68   defsig_exit.o
        50          0          0          0          0         88   defsig_general.o
        12          0          0          0          0         72   exit.o
         6          0          0          0          0        152   heapauxi.o
         0          0          0          0          0          0   indicate_semi.o
        44         10        272          0          0         76   lc_ctype_c.o
         2          0          0          0          0          0   libinit.o
        20          0          0          0          0          0   libinit2.o
         2          0          0          0          0          0   libshutdown.o
         2          0          0          0          0          0   libshutdown2.o
         8          4          0          0         96         68   libspace.o
        16          4          0          0          0         76   rt_ctype_table.o
         8          4          0          0          0         68   rt_errno_addr_intlibspace.o
         8          4          0          0          0         68   rt_locale_intlibspace.o
         0          0          0          0          0          0   rtentry.o
        12          0          0          0          0          0   rtentry2.o
         6          0          0          0          0          0   rtentry4.o
         2          0          0          0          0          0   rtexit.o
        10          0          0          0          0          0   rtexit2.o
       128          0          0          0          0         68   strcmpv7m.o
       112          0          0          0          0         88   strtol.o
        12          4          0          0          0         68   sys_exit.o
        74          0          0          0          0         80   sys_stackheap_outer.o
        14          0          0          0          0         76   sys_wrch.o
         2          0          0          0          0         68   use_no_semi.o
       804         16          0          0          0        272   daddsub_clz.o
        94          4          0          0          0         92   dfix.o
       156          4          0          0          0         92   dnaninf.o
        12          0          0          0          0         68   dretinf.o
        86          4          0          0          0         84   f2d.o
       430          8          0          0          0        168   faddsub_clz.o
        86          0          0          0          0        136   fflt_clz.o
       258          4          0          0          0         84   fmul.o
       140          4          0          0          0         84   fnaninf.o
        10          0          0          0          0         68   fretinf.o
         0          0          0          0          0          0   usenofp.o

    ----------------------------------------------------------------------
      3204        156        272          0        100       3020   Library Totals
        20          0          0          0          4          0   (incl. Padding)

    ----------------------------------------------------------------------

      Code (inc. data)   RO Data    RW Data    ZI Data      Debug   Library Name

      1108        112        272          0         96       1872   c_w.l
      2076         44          0          0          0       1148   fz_ws.l

    ----------------------------------------------------------------------
      3204        156        272          0        100       3020   Library Totals

    ----------------------------------------------------------------------

==============================================================================


      Code (inc. data)   RO Data    RW Data    ZI Data      Debug   

      8004        658       1008         24       1512      19512   Grand Totals
      8004        658       1008         24       1512      19512   ELF Image Totals
      8004        658       1008         24          0          0   ROM Totals

==============================================================================

    Total RO  Size (Code + RO Data)                 9012 (   8.80kB)
    Total RW  Size (RW Data + ZI Data)              1536 (   1.50kB)
    Total ROM Size (Code + RO Data + RW Data)       9036 (   8.82kB)

==============================================================================

